#NH-RUN A0-s1 start=1789339993
#NH-RUN A0-s1 end=1789340327
#NH-RUN A1-s1 start=1789340333
#NH-RUN A1-s1 end=1789340667
#NH-RUN B-s1 start=1789340673
#NH-RUN B-s1 end=1789341007
#NH-RUN C-s1 start=1789341012
#NH-RUN C-s1 end=1789341347
#NH-RUN A0-s8 start=1789341352
#NH-RUN A0-s8 end=1789341688
#NH-RUN A1-s8 start=1789341727
#NH-RUN A1-s8 end=1789342063
#NH-RUN B-s8 start=1789342101
#NH-RUN B-s8 end=1789342437
#NH-RUN C-s8 start=1789342475
#NH-RUN C-s8 end=1789342811
#NH-RUN A0-u8 start=1789380285
#NH-RUN A0-u8 end=1789380624
#NH-RUN A1-u8 start=1789381161
#NH-RUN A1-u8 end=1789381501
#NH-RUN B-u8 start=1789382027
#NH-RUN B-u8 end=1789382367
#NH-RUN C-u8 start=1789382887
#NH-RUN C-u8 end=1789383227
