#NH-RUN main-vt-1conn start=1789223048
#NH-RUN main-vt-1conn end=1789223382
#NH-RUN slot-vt-1conn start=1789223388
#NH-RUN slot-vt-1conn end=1789223722
#NH-RUN main-vt-8conn start=1789223728
#NH-RUN main-vt-8conn end=1789224064
#NH-RUN slot-vt-8conn start=1789224103
#NH-RUN slot-vt-8conn end=1789224439
#NH-RUN main-direct-1conn start=1789224477
#NH-RUN main-direct-1conn end=1789224812
#NH-RUN slot-direct-1conn start=1789224817
#NH-RUN slot-direct-1conn end=1789225152
#NH-RUN main-direct-8conn start=1789225157
#NH-RUN main-direct-8conn end=1789225493
#NH-RUN slot-direct-8conn start=1789225532
#NH-RUN slot-direct-8conn end=1789225867
#NH-RUN main2-vt-1conn start=1789226007
#NH-RUN main2-vt-1conn end=1789226341
#NH-RUN slot2-vt-1conn start=1789226347
#NH-RUN slot2-vt-1conn end=1789226681
#NH-RUN main2-vt-8conn start=1789226687
#NH-RUN main2-vt-8conn end=1789227023
#NH-RUN slot2-vt-8conn start=1789227063
#NH-RUN slot2-vt-8conn end=1789227399
#NH-RUN main2-direct-1conn start=1789227439
#NH-RUN main2-direct-1conn end=1789227773
#NH-RUN slot2-direct-1conn start=1789227779
#NH-RUN slot2-direct-1conn end=1789228113
#NH-RUN main2-direct-8conn start=1789228119
#NH-RUN main2-direct-8conn end=1789228455
#NH-RUN slot2-direct-8conn start=1789228493
#NH-RUN slot2-direct-8conn end=1789228829
#NH-RUN main3-direct-8conn start=1789228895
#NH-RUN main3-direct-8conn end=1789229231
#NH-RUN slot3-direct-8conn start=1789229272
#NH-RUN slot3-direct-8conn end=1789229608
