#NH-RUN direct-1c-stream-1conn start=1789146350
#NH-RUN direct-1c-stream-1conn end=1789146745
#NH-RUN virtual-1c-stream-1conn start=1789146752
#NH-RUN virtual-1c-stream-1conn end=1789147148
#NH-RUN direct-1c-unary-default start=1789147156
#NH-RUN direct-1c-unary-default end=1789147552
#NH-RUN virtual-1c-unary-default start=1789147567
#NH-RUN virtual-1c-unary-default end=1789147962
#NH-RUN direct-1c-stream-8conn start=1789147977
#NH-RUN direct-1c-stream-8conn end=1789148375
#NH-RUN virtual-1c-stream-8conn start=1789148416
#NH-RUN virtual-1c-stream-8conn end=1789148814
#NH-RUN direct-1c-unary-8conn start=1789148856
#NH-RUN direct-1c-unary-8conn end=1789149254
#NH-RUN virtual-1c-unary-8conn start=1789149444
#NH-RUN virtual-1c-unary-8conn end=1789149842
#NH-RUN direct-2c-stream-1conn start=1789150028
#NH-RUN direct-2c-stream-1conn end=1789150423
#NH-RUN virtual-2c-stream-1conn start=1789150429
#NH-RUN virtual-2c-stream-1conn end=1789150824
#NH-RUN direct-2c-unary-default start=1789150830
#NH-RUN direct-2c-unary-default end=1789151226
#NH-RUN virtual-2c-unary-default start=1789151240
#NH-RUN virtual-2c-unary-default end=1789151635
#NH-RUN direct-2c-stream-8conn start=1789151649
#NH-RUN direct-2c-stream-8conn end=1789152046
#NH-RUN virtual-2c-stream-8conn start=1789152089
#NH-RUN virtual-2c-stream-8conn end=1789152486
#NH-RUN direct-2c-unary-8conn start=1789152529
#NH-RUN direct-2c-unary-8conn end=1789152927
#NH-RUN virtual-2c-unary-8conn start=1789153131
#NH-RUN virtual-2c-unary-8conn end=1789153530
#NH-RUN direct-4c-stream-1conn start=1789153734
#NH-RUN direct-4c-stream-1conn end=1789154130
#NH-RUN virtual-4c-stream-1conn start=1789154135
#NH-RUN virtual-4c-stream-1conn end=1789154531
#NH-RUN direct-4c-unary-default start=1789154537
#NH-RUN direct-4c-unary-default end=1789154932
#NH-RUN virtual-4c-unary-default start=1789154946
#NH-RUN virtual-4c-unary-default end=1789155342
#NH-RUN direct-4c-stream-8conn start=1789155356
#NH-RUN direct-4c-stream-8conn end=1789155753
#NH-RUN virtual-4c-stream-8conn start=1789155798
#NH-RUN virtual-4c-stream-8conn end=1789156195
#NH-RUN direct-4c-unary-8conn start=1789156240
#NH-RUN direct-4c-unary-8conn end=1789156639
#NH-RUN virtual-4c-unary-8conn start=1789156864
#NH-RUN virtual-4c-unary-8conn end=1789157263
#NH-RUN direct-1c-stream-1conn-top start=1789157502
#NH-RUN direct-1c-stream-1conn-top end=1789157898
#NH-RUN direct-1c-stream-8conn-top start=1789157906
#NH-RUN direct-1c-stream-8conn-top end=1789158303
#NH-RUN direct-1c-unary-default-top start=1789158346
#NH-RUN direct-1c-unary-default-top end=1789158742
#NH-RUN virtual-1c-unary-default-top start=1789158758
#NH-RUN virtual-1c-unary-default-top end=1789159154
#NH-RUN direct-1c-unary-8conn-top start=1789159169
#NH-RUN direct-1c-unary-8conn-top end=1789159571
#NH-RUN virtual-1c-unary-8conn-top start=1789160184
#NH-RUN virtual-1c-unary-8conn-top end=1789160586
#NH-RUN direct-2c-unary-8conn-top start=1789161191
#NH-RUN direct-2c-unary-8conn-top end=1789161593
#NH-RUN virtual-2c-unary-8conn-top start=1789162233
#NH-RUN virtual-2c-unary-8conn-top end=1789162635
#NH-RUN direct-4c-unary-8conn-top start=1789163276
#NH-RUN direct-4c-unary-8conn-top end=1789163677
#NH-RUN virtual-4c-unary-8conn-top start=1789164363
#NH-RUN virtual-4c-unary-8conn-top end=1789164765
#NH-RUN direct-4c-stream-8conn-inflight1024 start=1789165674
#NH-RUN direct-4c-stream-8conn-inflight1024 end=1789166011
#NH-RUN virtual-4c-stream-8conn-inflight1024 start=1789166046
#NH-RUN virtual-4c-stream-8conn-inflight1024 end=1789166383
