#NH-RUN base-1conn start=1789175796
#NH-RUN base-1conn end=1789176130
#NH-RUN jdk25-1conn start=1789176135
#NH-RUN jdk25-1conn end=1789176470
#NH-RUN loops2-1conn start=1789176475
#NH-RUN loops2-1conn end=1789176810
#NH-RUN pargc-1conn start=1789176815
#NH-RUN pargc-1conn end=1789177149
#NH-RUN batch32-1conn start=1789177155
#NH-RUN batch32-1conn end=1789177489
#NH-RUN base-8conn start=1789177495
#NH-RUN base-8conn end=1789177831
#NH-RUN jdk25-8conn start=1789177868
#NH-RUN jdk25-8conn end=1789178204
#NH-RUN loops2-8conn start=1789178241
#NH-RUN loops2-8conn end=1789178577
#NH-RUN pargc-8conn start=1789178614
#NH-RUN pargc-8conn end=1789178950
#NH-RUN batch32-8conn start=1789178987
#NH-RUN batch32-8conn end=1789179323
#NH-RUN percall-1conn start=1789179386
#NH-RUN percall-1conn end=1789179721
#NH-RUN percall-8conn start=1789179726
#NH-RUN percall-8conn end=1789180062
#NH-RUN batch8-1conn start=1789180099
#NH-RUN batch8-1conn end=1789180434
#NH-RUN batch128-1conn start=1789180439
#NH-RUN batch128-1conn end=1789180773
#NH-RUN serialyoung-1conn start=1789180794
#NH-RUN serialyoung-1conn end=1789181129
#NH-RUN g1-1conn start=1789181134
#NH-RUN g1-1conn end=1789181469
#NH-RUN zgc-1conn start=1789181475
#NH-RUN zgc-1conn end=1789181809
#NH-RUN pargcyoung-1conn start=1789181814
#NH-RUN pargcyoung-1conn end=1789182149
#NH-RUN direct-pargc-8conn start=1789182154
#NH-RUN direct-pargc-8conn end=1789182490
#NH-RUN combo-1conn start=1789182531
#NH-RUN combo-1conn end=1789182865
#NH-RUN combo-8conn start=1789182870
#NH-RUN combo-8conn end=1789183206
#NH-RUN combo-loops2-8conn start=1789183244
#NH-RUN combo-loops2-8conn end=1789183580
#NH-RUN combo-percall-1conn start=1789183618
#NH-RUN combo-percall-1conn end=1789183952
#NH-RUN direct-pargc-8conn-high start=1789183976
#NH-RUN direct-pargc-8conn-high end=1789184312
#NH-RUN direct-serialyoung-8conn start=1789184352
#NH-RUN direct-serialyoung-8conn end=1789184688
#NH-RUN combo-1conn-high start=1789184755
#NH-RUN combo-1conn-high end=1789185090
#NH-RUN combo-loops2-8conn-high start=1789185108
#NH-RUN combo-loops2-8conn-high end=1789185444
