#NH-RUN reply-full-1conn start=1789236719
#NH-RUN reply-full-1conn end=1789237054
#NH-RUN reply-tiny-1conn start=1789237059
#NH-RUN reply-tiny-1conn end=1789237394
#NH-RUN reply-none-1conn start=1789237400
#NH-RUN reply-none-1conn end=1789237734
#NH-RUN conn1-loops2 start=1789237738
#NH-RUN conn1-loops2 end=1789238072
#NH-RUN conn2-loops2 start=1789238078
#NH-RUN conn2-loops2 end=1789238413
#NH-RUN pre103-1conn start=1789238439
#NH-RUN pre103-1conn end=1789238774
#NH-RUN post103-1conn start=1789238780
#NH-RUN post103-1conn end=1789239114
#NH-RUN jfr-1conn start=1789239134
#NH-RUN jfr-1conn end=1789239468
#NH-RUN jfr-1conn start=1789239498
#NH-RUN jfr-1conn end=1789239833
#NH-RUN usersys-1conn start=1789239895
#NH-RUN usersys-1conn end=1789240230
