#NH-RUN base-1conn start=1789214387
#NH-RUN base-1conn end=1789214721
#NH-RUN base-8conn start=1789214727
#NH-RUN base-8conn end=1789215063
#NH-RUN loops2-8conn start=1789215102
#NH-RUN loops2-8conn end=1789215438
#NH-RUN loops1-8conn start=1789215478
#NH-RUN loops1-8conn end=1789215813
#NH-RUN loops4-8conn start=1789215852
#NH-RUN loops4-8conn end=1789216188
#NH-RUN win4m-1conn start=1789216228
#NH-RUN win4m-1conn end=1789216562
#NH-RUN win16m-1conn start=1789216568
#NH-RUN win16m-1conn end=1789216902
#NH-RUN win16m-loops2-8conn start=1789216908
#NH-RUN win16m-loops2-8conn end=1789217244
#NH-RUN par3-1conn start=1789217283
#NH-RUN par3-1conn end=1789217617
#NH-RUN par2-loops2-8conn start=1789217623
#NH-RUN par2-loops2-8conn end=1789217959
#NH-RUN base2-1conn start=1789218001
#NH-RUN base2-1conn end=1789218335
#NH-RUN base2-8conn start=1789218341
#NH-RUN base2-8conn end=1789218676
#NH-RUN win4m2-1conn start=1789218859
#NH-RUN win4m2-1conn end=1789219193
#NH-RUN win16m2-1conn start=1789219199
#NH-RUN win16m2-1conn end=1789219533
#NH-RUN win16m2-loops2-8conn start=1789219539
#NH-RUN win16m2-loops2-8conn end=1789219875
